C:/Users/dougl/Downloads/FirstUartProject/FirstUart/Core/Src/main.c:104:5:main	1
C:/Users/dougl/Downloads/FirstUartProject/FirstUart/Core/Src/main.c:153:6:ExecuteProgram	7
C:/Users/dougl/Downloads/FirstUartProject/FirstUart/Core/Src/main.c:176:6:SendCount	1
C:/Users/dougl/Downloads/FirstUartProject/FirstUart/Core/Src/main.c:184:6:ClearCount	1
C:/Users/dougl/Downloads/FirstUartProject/FirstUart/Core/Src/main.c:194:6:BrickLed	1
C:/Users/dougl/Downloads/FirstUartProject/FirstUart/Core/Src/main.c:201:6:GetTable	2
C:/Users/dougl/Downloads/FirstUartProject/FirstUart/Core/Src/main.c:214:6:SystemClock_Config	4
C:/Users/dougl/Downloads/FirstUartProject/FirstUart/Core/Src/main.c:275:13:MX_ETH_Init	2
C:/Users/dougl/Downloads/FirstUartProject/FirstUart/Core/Src/main.c:324:13:MX_USART3_UART_Init	5
C:/Users/dougl/Downloads/FirstUartProject/FirstUart/Core/Src/main.c:372:13:MX_USB_OTG_FS_PCD_Init	2
C:/Users/dougl/Downloads/FirstUartProject/FirstUart/Core/Src/main.c:408:13:MX_GPIO_Init	1
C:/Users/dougl/Downloads/FirstUartProject/FirstUart/Core/Src/main.c:475:8:HAL_GPIO_EXTI_Callback	2
C:/Users/dougl/Downloads/FirstUartProject/FirstUart/Core/Src/main.c:483:8:HAL_UART_RxCpltCallback	7
C:/Users/dougl/Downloads/FirstUartProject/FirstUart/Core/Src/main.c:512:6:Error_Handler	1
