C:/Users/dougl/Downloads/FirstUartProject/FirstUart/Core/Src/main.c:104:5:main	8	static
C:/Users/dougl/Downloads/FirstUartProject/FirstUart/Core/Src/main.c:153:6:ExecuteProgram	8	static
C:/Users/dougl/Downloads/FirstUartProject/FirstUart/Core/Src/main.c:176:6:SendCount	16	static
C:/Users/dougl/Downloads/FirstUartProject/FirstUart/Core/Src/main.c:184:6:ClearCount	16	static
C:/Users/dougl/Downloads/FirstUartProject/FirstUart/Core/Src/main.c:194:6:BrickLed	16	static
C:/Users/dougl/Downloads/FirstUartProject/FirstUart/Core/Src/main.c:201:6:GetTable	24	static
C:/Users/dougl/Downloads/FirstUartProject/FirstUart/Core/Src/main.c:214:6:SystemClock_Config	120	static
C:/Users/dougl/Downloads/FirstUartProject/FirstUart/Core/Src/main.c:275:13:MX_ETH_Init	8	static
C:/Users/dougl/Downloads/FirstUartProject/FirstUart/Core/Src/main.c:324:13:MX_USART3_UART_Init	8	static
C:/Users/dougl/Downloads/FirstUartProject/FirstUart/Core/Src/main.c:372:13:MX_USB_OTG_FS_PCD_Init	8	static
C:/Users/dougl/Downloads/FirstUartProject/FirstUart/Core/Src/main.c:408:13:MX_GPIO_Init	56	static
C:/Users/dougl/Downloads/FirstUartProject/FirstUart/Core/Src/main.c:475:8:HAL_GPIO_EXTI_Callback	16	static
C:/Users/dougl/Downloads/FirstUartProject/FirstUart/Core/Src/main.c:483:8:HAL_UART_RxCpltCallback	16	static
C:/Users/dougl/Downloads/FirstUartProject/FirstUart/Core/Src/main.c:512:6:Error_Handler	4	static,ignoring_inline_asm
