C:/Users/dougl/Downloads/FirstUartProject/FirstUart/Core/Src/main.c:113:5:main	1
C:/Users/dougl/Downloads/FirstUartProject/FirstUart/Core/Src/main.c:162:6:SystemClock_Config	4
C:/Users/dougl/Downloads/FirstUartProject/FirstUart/Core/Src/main.c:223:13:MX_ETH_Init	2
C:/Users/dougl/Downloads/FirstUartProject/FirstUart/Core/Src/main.c:272:13:MX_I2C1_Init	4
C:/Users/dougl/Downloads/FirstUartProject/FirstUart/Core/Src/main.c:320:13:MX_USART3_UART_Init	5
C:/Users/dougl/Downloads/FirstUartProject/FirstUart/Core/Src/main.c:368:13:MX_USB_OTG_FS_PCD_Init	2
C:/Users/dougl/Downloads/FirstUartProject/FirstUart/Core/Src/main.c:404:13:MX_GPIO_Init	1
C:/Users/dougl/Downloads/FirstUartProject/FirstUart/Core/Src/main.c:471:6:HAL_GPIO_EXTI_Callback	2
C:/Users/dougl/Downloads/FirstUartProject/FirstUart/Core/Src/main.c:479:6:HAL_UART_RxCpltCallback	4
C:/Users/dougl/Downloads/FirstUartProject/FirstUart/Core/Src/main.c:531:6:SendMessage	1
C:/Users/dougl/Downloads/FirstUartProject/FirstUart/Core/Src/main.c:540:9:PCF8591_ReadAnalog	1
C:/Users/dougl/Downloads/FirstUartProject/FirstUart/Core/Src/main.c:561:6:Error_Handler	1
